由于文件 (符号) 而包含了归档成员

/usr/lib/x86_64-linux-gnu/libc_nonshared.a(elf-init.oS)
                              /usr/lib/gcc/x86_64-linux-gnu/7/../../../x86_64-linux-gnu/Scrt1.o (__libc_csu_init)

按需库被包含以满足文件 (符号) 引用

libc.so.6                     /tmp/cc7MHQMI.o (strcpy@@GLIBC_2.2.5)

舍弃的输入节

 .note.GNU-stack
                0x0000000000000000        0x0 /usr/lib/gcc/x86_64-linux-gnu/7/../../../x86_64-linux-gnu/Scrt1.o
 .note.GNU-stack
                0x0000000000000000        0x0 /usr/lib/gcc/x86_64-linux-gnu/7/../../../x86_64-linux-gnu/crti.o
 .note.GNU-stack
                0x0000000000000000        0x0 /usr/lib/gcc/x86_64-linux-gnu/7/crtbeginS.o
 .note.GNU-stack
                0x0000000000000000        0x0 /tmp/cc52STmi.o
 .note.GNU-stack
                0x0000000000000000        0x0 /tmp/cc7MHQMI.o
 .note.GNU-stack
                0x0000000000000000        0x0 /usr/lib/x86_64-linux-gnu/libc_nonshared.a(elf-init.oS)
 .note.GNU-stack
                0x0000000000000000        0x0 /usr/lib/gcc/x86_64-linux-gnu/7/crtendS.o
 .note.GNU-stack
                0x0000000000000000        0x0 /usr/lib/gcc/x86_64-linux-gnu/7/../../../x86_64-linux-gnu/crtn.o

内存配置

名称           来源             长度             属性
*default*        0x0000000000000000 0xffffffffffffffff

链结器命令稿和内存映射

LOAD /usr/lib/gcc/x86_64-linux-gnu/7/../../../x86_64-linux-gnu/Scrt1.o
LOAD /usr/lib/gcc/x86_64-linux-gnu/7/../../../x86_64-linux-gnu/crti.o
LOAD /usr/lib/gcc/x86_64-linux-gnu/7/crtbeginS.o
LOAD /tmp/cc52STmi.o
LOAD /tmp/cc7MHQMI.o
LOAD /usr/lib/gcc/x86_64-linux-gnu/7/libgcc.a
LOAD /usr/lib/gcc/x86_64-linux-gnu/7/libgcc_s.so
START GROUP
LOAD /usr/lib/gcc/x86_64-linux-gnu/7/libgcc_s.so.1
LOAD /usr/lib/gcc/x86_64-linux-gnu/7/libgcc.a
END GROUP
LOAD /usr/lib/gcc/x86_64-linux-gnu/7/../../../x86_64-linux-gnu/libc.so
START GROUP
LOAD /lib/x86_64-linux-gnu/libc.so.6
LOAD /usr/lib/x86_64-linux-gnu/libc_nonshared.a
LOAD /lib/x86_64-linux-gnu/ld-linux-x86-64.so.2
END GROUP
LOAD /usr/lib/gcc/x86_64-linux-gnu/7/libgcc.a
LOAD /usr/lib/gcc/x86_64-linux-gnu/7/libgcc_s.so
START GROUP
LOAD /usr/lib/gcc/x86_64-linux-gnu/7/libgcc_s.so.1
LOAD /usr/lib/gcc/x86_64-linux-gnu/7/libgcc.a
END GROUP
LOAD /usr/lib/gcc/x86_64-linux-gnu/7/crtendS.o
LOAD /usr/lib/gcc/x86_64-linux-gnu/7/../../../x86_64-linux-gnu/crtn.o
                [!provide]                        PROVIDE (__executable_start = SEGMENT_START ("text-segment", 0x0))
                0x0000000000000238                . = (SEGMENT_START ("text-segment", 0x0) + SIZEOF_HEADERS)

.interp         0x0000000000000238       0x1c
 *(.interp)
 .interp        0x0000000000000238       0x1c /usr/lib/gcc/x86_64-linux-gnu/7/../../../x86_64-linux-gnu/Scrt1.o

.note.ABI-tag   0x0000000000000254       0x20
 .note.ABI-tag  0x0000000000000254       0x20 /usr/lib/gcc/x86_64-linux-gnu/7/../../../x86_64-linux-gnu/Scrt1.o

.note.gnu.build-id
                0x0000000000000274       0x24
 *(.note.gnu.build-id)
 .note.gnu.build-id
                0x0000000000000274       0x24 /usr/lib/gcc/x86_64-linux-gnu/7/../../../x86_64-linux-gnu/Scrt1.o

.hash
 *(.hash)

.gnu.hash       0x0000000000000298       0x1c
 *(.gnu.hash)
 .gnu.hash      0x0000000000000298       0x1c /usr/lib/gcc/x86_64-linux-gnu/7/../../../x86_64-linux-gnu/Scrt1.o

.dynsym         0x00000000000002b8      0x2a0
 *(.dynsym)
 .dynsym        0x00000000000002b8      0x2a0 /usr/lib/gcc/x86_64-linux-gnu/7/../../../x86_64-linux-gnu/Scrt1.o

.dynstr         0x0000000000000558      0x138
 *(.dynstr)
 .dynstr        0x0000000000000558      0x138 /usr/lib/gcc/x86_64-linux-gnu/7/../../../x86_64-linux-gnu/Scrt1.o

.gnu.version    0x0000000000000690       0x38
 *(.gnu.version)
 .gnu.version   0x0000000000000690       0x38 /usr/lib/gcc/x86_64-linux-gnu/7/../../../x86_64-linux-gnu/Scrt1.o

.gnu.version_d  0x00000000000006c8        0x0
 *(.gnu.version_d)
 .gnu.version_d
                0x00000000000006c8        0x0 /usr/lib/gcc/x86_64-linux-gnu/7/../../../x86_64-linux-gnu/Scrt1.o

.gnu.version_r  0x00000000000006c8       0x50
 *(.gnu.version_r)
 .gnu.version_r
                0x00000000000006c8       0x50 /usr/lib/gcc/x86_64-linux-gnu/7/../../../x86_64-linux-gnu/Scrt1.o

.rela.dyn       0x0000000000000718      0x270
 *(.rela.init)
 *(.rela.text .rela.text.* .rela.gnu.linkonce.t.*)
 .rela.text     0x0000000000000718        0x0 /usr/lib/gcc/x86_64-linux-gnu/7/../../../x86_64-linux-gnu/Scrt1.o
 *(.rela.fini)
 *(.rela.rodata .rela.rodata.* .rela.gnu.linkonce.r.*)
 *(.rela.data .rela.data.* .rela.gnu.linkonce.d.*)
 .rela.data.rel.ro
                0x0000000000000718        0x0 /usr/lib/gcc/x86_64-linux-gnu/7/../../../x86_64-linux-gnu/Scrt1.o
 .rela.data.rel.local
                0x0000000000000718      0x138 /usr/lib/gcc/x86_64-linux-gnu/7/../../../x86_64-linux-gnu/Scrt1.o
 .rela.data.rel
                0x0000000000000850       0x48 /usr/lib/gcc/x86_64-linux-gnu/7/../../../x86_64-linux-gnu/Scrt1.o
 *(.rela.tdata .rela.tdata.* .rela.gnu.linkonce.td.*)
 *(.rela.tbss .rela.tbss.* .rela.gnu.linkonce.tb.*)
 *(.rela.ctors)
 *(.rela.dtors)
 *(.rela.got)
 .rela.got      0x0000000000000898       0xc0 /usr/lib/gcc/x86_64-linux-gnu/7/../../../x86_64-linux-gnu/Scrt1.o
 *(.rela.bss .rela.bss.* .rela.gnu.linkonce.b.*)
 .rela.bss      0x0000000000000958        0x0 /usr/lib/gcc/x86_64-linux-gnu/7/../../../x86_64-linux-gnu/Scrt1.o
 *(.rela.ldata .rela.ldata.* .rela.gnu.linkonce.l.*)
 *(.rela.lbss .rela.lbss.* .rela.gnu.linkonce.lb.*)
 *(.rela.lrodata .rela.lrodata.* .rela.gnu.linkonce.lr.*)
 *(.rela.ifunc)
 .rela.ifunc    0x0000000000000958        0x0 /usr/lib/gcc/x86_64-linux-gnu/7/../../../x86_64-linux-gnu/Scrt1.o
 .rela.fini_array
                0x0000000000000958       0x18 /usr/lib/gcc/x86_64-linux-gnu/7/../../../x86_64-linux-gnu/Scrt1.o
 .rela.init_array
                0x0000000000000970       0x18 /usr/lib/gcc/x86_64-linux-gnu/7/../../../x86_64-linux-gnu/Scrt1.o

.rela.plt       0x0000000000000988      0x1f8
 *(.rela.plt)
 .rela.plt      0x0000000000000988      0x1f8 /usr/lib/gcc/x86_64-linux-gnu/7/../../../x86_64-linux-gnu/Scrt1.o
                [!provide]                        PROVIDE (__rela_iplt_start = .)
 *(.rela.iplt)
                [!provide]                        PROVIDE (__rela_iplt_end = .)

.init           0x0000000000000b80       0x17
 *(SORT_NONE(.init))
 .init          0x0000000000000b80       0x12 /usr/lib/gcc/x86_64-linux-gnu/7/../../../x86_64-linux-gnu/crti.o
                0x0000000000000b80                _init
 .init          0x0000000000000b92        0x5 /usr/lib/gcc/x86_64-linux-gnu/7/../../../x86_64-linux-gnu/crtn.o

.plt            0x0000000000000ba0      0x160
 *(.plt)
 .plt           0x0000000000000ba0      0x160 /usr/lib/gcc/x86_64-linux-gnu/7/../../../x86_64-linux-gnu/Scrt1.o
 *(.iplt)

.plt.got        0x0000000000000d00        0x8
 *(.plt.got)
 .plt.got       0x0000000000000d00        0x8 /usr/lib/gcc/x86_64-linux-gnu/7/../../../x86_64-linux-gnu/Scrt1.o

.plt.sec
 *(.plt.sec)

.text           0x0000000000000d10     0x55f2
 *(.text.unlikely .text.*_unlikely .text.unlikely.*)
 *(.text.exit .text.exit.*)
 *(.text.startup .text.startup.*)
 *(.text.hot .text.hot.*)
 *(.text .stub .text.* .gnu.linkonce.t.*)
 .text          0x0000000000000d10       0x2b /usr/lib/gcc/x86_64-linux-gnu/7/../../../x86_64-linux-gnu/Scrt1.o
                0x0000000000000d10                _start
 .text          0x0000000000000d3b        0x0 /usr/lib/gcc/x86_64-linux-gnu/7/../../../x86_64-linux-gnu/crti.o
 *fill*         0x0000000000000d3b        0x5 
 .text          0x0000000000000d40       0xda /usr/lib/gcc/x86_64-linux-gnu/7/crtbeginS.o
 .text          0x0000000000000e1a      0x58a /tmp/cc52STmi.o
                0x0000000000001179                unserialize
                0x000000000000127e                dofile
                0x000000000000132d                main
 .text          0x00000000000013a4     0x4eea /tmp/cc7MHQMI.o
                0x00000000000013a4                cJSON_GetErrorPtr
                0x00000000000013bb                cJSON_GetStringValue
                0x00000000000013e8                cJSON_GetNumberValue
                0x0000000000001419                cJSON_Version
                0x0000000000001579                cJSON_InitHooks
                0x000000000000168b                cJSON_Delete
                0x000000000000197e                cJSON_SetNumberHelper
                0x00000000000019ec                cJSON_SetValuestring
                0x0000000000002b16                cJSON_ParseWithOpts
                0x0000000000002b64                cJSON_ParseWithLengthOpts
                0x0000000000002d6e                cJSON_Parse
                0x0000000000002d92                cJSON_ParseWithLength
                0x0000000000002f74                cJSON_Print
                0x0000000000002f9a                cJSON_PrintUnformatted
                0x0000000000002fc0                cJSON_PrintBuffered
                0x00000000000030de                cJSON_PrintPreallocated
                0x000000000000426c                cJSON_GetArraySize
                0x0000000000004311                cJSON_GetArrayItem
                0x0000000000004415                cJSON_GetObjectItem
                0x000000000000443f                cJSON_GetObjectItemCaseSensitive
                0x0000000000004469                cJSON_HasObjectItem
                0x0000000000004603                cJSON_AddItemToArray
                0x000000000000473e                cJSON_AddItemToObject
                0x0000000000004775                cJSON_AddItemToObjectCS
                0x00000000000047ac                cJSON_AddItemReferenceToArray
                0x00000000000047f1                cJSON_AddItemReferenceToObject
                0x000000000000484f                cJSON_AddNullToObject
                0x00000000000048a6                cJSON_AddTrueToObject
                0x00000000000048fd                cJSON_AddFalseToObject
                0x0000000000004954                cJSON_AddBoolToObject
                0x00000000000049b3                cJSON_AddNumberToObject
                0x0000000000004a1c                cJSON_AddStringToObject
                0x0000000000004a7e                cJSON_AddRawToObject
                0x0000000000004ae0                cJSON_AddObjectToObject
                0x0000000000004b37                cJSON_AddArrayToObject
                0x0000000000004b8e                cJSON_DetachItemViaPointer
                0x0000000000004c4d                cJSON_DetachItemFromArray
                0x0000000000004c92                cJSON_DeleteItemFromArray
                0x0000000000004cbd                cJSON_DetachItemFromObject
                0x0000000000004cf9                cJSON_DetachItemFromObjectCaseSensitive
                0x0000000000004d35                cJSON_DeleteItemFromObject
                0x0000000000004d63                cJSON_DeleteItemFromObjectCaseSensitive
                0x0000000000004d91                cJSON_InsertItemInArray
                0x0000000000004e4a                cJSON_ReplaceItemViaPointer
                0x0000000000004f6d                cJSON_ReplaceItemInArray
                0x0000000000005075                cJSON_ReplaceItemInObject
                0x00000000000050a4                cJSON_ReplaceItemInObjectCaseSensitive
                0x00000000000050d3                cJSON_CreateNull
                0x0000000000005103                cJSON_CreateTrue
                0x0000000000005133                cJSON_CreateFalse
                0x0000000000005163                cJSON_CreateBool
                0x00000000000051a4                cJSON_CreateNumber
                0x000000000000522f                cJSON_CreateString
                0x00000000000052a1                cJSON_CreateStringReference
                0x00000000000052ec                cJSON_CreateObjectReference
                0x0000000000005337                cJSON_CreateArrayReference
                0x0000000000005382                cJSON_CreateRaw
                0x00000000000053f4                cJSON_CreateArray
                0x0000000000005424                cJSON_CreateObject
                0x0000000000005454                cJSON_CreateIntArray
                0x000000000000554a                cJSON_CreateFloatArray
                0x0000000000005642                cJSON_CreateDoubleArray
                0x000000000000573e                cJSON_CreateStringArray
                0x0000000000005834                cJSON_Duplicate
                0x0000000000005c31                cJSON_Minify
                0x0000000000005d61                cJSON_IsInvalid
                0x0000000000005d8b                cJSON_IsFalse
                0x0000000000005db6                cJSON_IsTrue
                0x0000000000005de1                cJSON_IsBool
                0x0000000000005e0b                cJSON_IsNull
                0x0000000000005e36                cJSON_IsNumber
                0x0000000000005e61                cJSON_IsString
                0x0000000000005e8c                cJSON_IsArray
                0x0000000000005eb7                cJSON_IsObject
                0x0000000000005ee2                cJSON_IsRaw
                0x0000000000005f0f                cJSON_Compare
                0x0000000000006251                cJSON_malloc
                0x000000000000626f                cJSON_free
 *fill*         0x000000000000628e        0x2 
 .text          0x0000000000006290       0x72 /usr/lib/x86_64-linux-gnu/libc_nonshared.a(elf-init.oS)
                0x0000000000006290                __libc_csu_init
                0x0000000000006300                __libc_csu_fini
 .text          0x0000000000006302        0x0 /usr/lib/gcc/x86_64-linux-gnu/7/crtendS.o
 .text          0x0000000000006302        0x0 /usr/lib/gcc/x86_64-linux-gnu/7/../../../x86_64-linux-gnu/crtn.o
 *(.gnu.warning)

.fini           0x0000000000006304        0x9
 *(SORT_NONE(.fini))
 .fini          0x0000000000006304        0x4 /usr/lib/gcc/x86_64-linux-gnu/7/../../../x86_64-linux-gnu/crti.o
                0x0000000000006304                _fini
 .fini          0x0000000000006308        0x5 /usr/lib/gcc/x86_64-linux-gnu/7/../../../x86_64-linux-gnu/crtn.o
                [!provide]                        PROVIDE (__etext = .)
                [!provide]                        PROVIDE (_etext = .)
                [!provide]                        PROVIDE (etext = .)

.rodata         0x0000000000006310      0x450
 *(.rodata .rodata.* .gnu.linkonce.r.*)
 .rodata.cst4   0x0000000000006310        0x4 /usr/lib/gcc/x86_64-linux-gnu/7/../../../x86_64-linux-gnu/Scrt1.o
                0x0000000000006310                _IO_stdin_used
 .rodata        0x0000000000006314       0xe0 /tmp/cc52STmi.o
 *fill*         0x00000000000063f4        0xc 
 .rodata        0x0000000000006400      0x360 /tmp/cc7MHQMI.o

.rodata1
 *(.rodata1)

.eh_frame_hdr   0x0000000000006760      0x3ec
 *(.eh_frame_hdr)
 .eh_frame_hdr  0x0000000000006760      0x3ec /usr/lib/gcc/x86_64-linux-gnu/7/../../../x86_64-linux-gnu/Scrt1.o
                0x0000000000006760                __GNU_EH_FRAME_HDR
 *(.eh_frame_entry .eh_frame_entry.*)

.eh_frame       0x0000000000006b50      0xfd8
 *(.eh_frame)
 .eh_frame      0x0000000000006b50       0x30 /usr/lib/gcc/x86_64-linux-gnu/7/../../../x86_64-linux-gnu/Scrt1.o
                                         0x2c (松开之前的大小)
 *fill*         0x0000000000006b80        0x0 
 .eh_frame      0x0000000000006b80       0x40 /usr/lib/gcc/x86_64-linux-gnu/7/../../../x86_64-linux-gnu/Scrt1.o
 .eh_frame      0x0000000000006bc0       0x18 /usr/lib/gcc/x86_64-linux-gnu/7/../../../x86_64-linux-gnu/Scrt1.o
                                         0x30 (松开之前的大小)
 .eh_frame      0x0000000000006bd8       0xe0 /tmp/cc52STmi.o
                                         0xf8 (松开之前的大小)
 .eh_frame      0x0000000000006cb8      0xe10 /tmp/cc7MHQMI.o
                                        0xe28 (松开之前的大小)
 .eh_frame      0x0000000000007ac8       0x5c /usr/lib/x86_64-linux-gnu/libc_nonshared.a(elf-init.oS)
                                         0x78 (松开之前的大小)
 .eh_frame      0x0000000000007b24        0x4 /usr/lib/gcc/x86_64-linux-gnu/7/crtendS.o
 *(.eh_frame.*)

.gcc_except_table
 *(.gcc_except_table .gcc_except_table.*)

.gnu_extab
 *(.gnu_extab*)

.exception_ranges
 *(.exception_ranges .exception_ranges*)
                0x0000000000207d00                . = DATA_SEGMENT_ALIGN (CONSTANT (MAXPAGESIZE), CONSTANT (COMMONPAGESIZE))

.eh_frame
 *(.eh_frame)
 *(.eh_frame.*)

.gnu_extab
 *(.gnu_extab)

.gcc_except_table
 *(.gcc_except_table .gcc_except_table.*)

.exception_ranges
 *(.exception_ranges .exception_ranges*)

.tdata
 *(.tdata .tdata.* .gnu.linkonce.td.*)

.tbss
 *(.tbss .tbss.* .gnu.linkonce.tb.*)
 *(.tcommon)

.preinit_array  0x0000000000207d00        0x0
                [!provide]                        PROVIDE (__preinit_array_start = .)
 *(.preinit_array)
                [!provide]                        PROVIDE (__preinit_array_end = .)

.init_array     0x0000000000207d00        0x8
                0x0000000000207d00                PROVIDE (__init_array_start = .)
 *(SORT_BY_INIT_PRIORITY(.init_array.*) SORT_BY_INIT_PRIORITY(.ctors.*))
 *(.init_array EXCLUDE_FILE(*crtend?.o *crtend.o *crtbegin?.o *crtbegin.o) .ctors)
 .init_array    0x0000000000207d00        0x8 /usr/lib/gcc/x86_64-linux-gnu/7/crtbeginS.o
                0x0000000000207d08                PROVIDE (__init_array_end = .)

.fini_array     0x0000000000207d08        0x8
                [!provide]                        PROVIDE (__fini_array_start = .)
 *(SORT_BY_INIT_PRIORITY(.fini_array.*) SORT_BY_INIT_PRIORITY(.dtors.*))
 *(.fini_array EXCLUDE_FILE(*crtend?.o *crtend.o *crtbegin?.o *crtbegin.o) .dtors)
 .fini_array    0x0000000000207d08        0x8 /usr/lib/gcc/x86_64-linux-gnu/7/crtbeginS.o
                [!provide]                        PROVIDE (__fini_array_end = .)

.ctors
 *crtbegin.o(.ctors)
 *crtbegin?.o(.ctors)
 *(EXCLUDE_FILE(*crtend?.o *crtend.o) .ctors)
 *(SORT_BY_NAME(.ctors.*))
 *(.ctors)

.dtors
 *crtbegin.o(.dtors)
 *crtbegin?.o(.dtors)
 *(EXCLUDE_FILE(*crtend?.o *crtend.o) .dtors)
 *(SORT_BY_NAME(.dtors.*))
 *(.dtors)

.jcr
 *(.jcr)

.data.rel.ro    0x0000000000207d10        0x0
 *(.data.rel.ro.local* .gnu.linkonce.d.rel.ro.local.*)
 *(.data.rel.ro .data.rel.ro.* .gnu.linkonce.d.rel.ro.*)
 .data.rel.ro   0x0000000000207d10        0x0 /usr/lib/gcc/x86_64-linux-gnu/7/../../../x86_64-linux-gnu/Scrt1.o

.dynamic        0x0000000000207d10      0x1f0
 *(.dynamic)
 .dynamic       0x0000000000207d10      0x1f0 /usr/lib/gcc/x86_64-linux-gnu/7/../../../x86_64-linux-gnu/Scrt1.o
                0x0000000000207d10                _DYNAMIC

.got            0x0000000000207f00      0x100
 *(.got.plt)
 .got.plt       0x0000000000207f00       0xc0 /usr/lib/gcc/x86_64-linux-gnu/7/../../../x86_64-linux-gnu/Scrt1.o
                0x0000000000207f00                _GLOBAL_OFFSET_TABLE_
 *(.igot.plt)
 *(.got)
 .got           0x0000000000207fc0       0x40 /usr/lib/gcc/x86_64-linux-gnu/7/../../../x86_64-linux-gnu/Scrt1.o
 *(.igot)
                0x0000000000208000                . = DATA_SEGMENT_RELRO_END (., 0x0)

.data           0x0000000000208000       0xb8
 *(.data .data.* .gnu.linkonce.d.*)
 .data          0x0000000000208000        0x4 /usr/lib/gcc/x86_64-linux-gnu/7/../../../x86_64-linux-gnu/Scrt1.o
                0x0000000000208000                data_start
                0x0000000000208000                __data_start
 .data          0x0000000000208004        0x0 /usr/lib/gcc/x86_64-linux-gnu/7/../../../x86_64-linux-gnu/crti.o
 .data          0x0000000000208004        0x0 /usr/lib/gcc/x86_64-linux-gnu/7/crtbeginS.o
 *fill*         0x0000000000208004        0x4 
 .data.rel.local
                0x0000000000208008        0x8 /usr/lib/gcc/x86_64-linux-gnu/7/crtbeginS.o
                0x0000000000208008                __dso_handle
 .data          0x0000000000208010        0x0 /tmp/cc52STmi.o
 *fill*         0x0000000000208010       0x10 
 .data.rel.local
                0x0000000000208020       0x78 /tmp/cc52STmi.o
                0x0000000000208020                userCfg
 .data          0x0000000000208098        0x0 /tmp/cc7MHQMI.o
 *fill*         0x0000000000208098        0x8 
 .data.rel      0x00000000002080a0       0x18 /tmp/cc7MHQMI.o
 .data          0x00000000002080b8        0x0 /usr/lib/x86_64-linux-gnu/libc_nonshared.a(elf-init.oS)
 .data          0x00000000002080b8        0x0 /usr/lib/gcc/x86_64-linux-gnu/7/crtendS.o
 .data          0x00000000002080b8        0x0 /usr/lib/gcc/x86_64-linux-gnu/7/../../../x86_64-linux-gnu/crtn.o

.tm_clone_table
                0x00000000002080b8        0x0
 .tm_clone_table
                0x00000000002080b8        0x0 /usr/lib/gcc/x86_64-linux-gnu/7/crtbeginS.o
 .tm_clone_table
                0x00000000002080b8        0x0 /usr/lib/gcc/x86_64-linux-gnu/7/crtendS.o

.data1
 *(.data1)
                0x00000000002080b8                _edata = .
                [!provide]                        PROVIDE (edata = .)
                0x00000000002080b8                . = .
                0x00000000002080b8                __bss_start = .

.bss            0x00000000002080c0      0x460
 *(.dynbss)
 .dynbss        0x00000000002080c0        0x0 /usr/lib/gcc/x86_64-linux-gnu/7/../../../x86_64-linux-gnu/Scrt1.o
 *(.bss .bss.* .gnu.linkonce.b.*)
 .bss           0x00000000002080c0        0x0 /usr/lib/gcc/x86_64-linux-gnu/7/../../../x86_64-linux-gnu/Scrt1.o
 .bss           0x00000000002080c0        0x0 /usr/lib/gcc/x86_64-linux-gnu/7/../../../x86_64-linux-gnu/crti.o
 .bss           0x00000000002080c0        0x1 /usr/lib/gcc/x86_64-linux-gnu/7/crtbeginS.o
 *fill*         0x00000000002080c1       0x1f 
 .bss           0x00000000002080e0      0x420 /tmp/cc52STmi.o
 .bss           0x0000000000208500       0x1f /tmp/cc7MHQMI.o
 .bss           0x000000000020851f        0x0 /usr/lib/x86_64-linux-gnu/libc_nonshared.a(elf-init.oS)
 .bss           0x000000000020851f        0x0 /usr/lib/gcc/x86_64-linux-gnu/7/crtendS.o
 .bss           0x000000000020851f        0x0 /usr/lib/gcc/x86_64-linux-gnu/7/../../../x86_64-linux-gnu/crtn.o
 *(COMMON)
                0x0000000000208520                . = ALIGN ((. != 0x0)?0x8:0x1)
 *fill*         0x000000000020851f        0x1 

.lbss
 *(.dynlbss)
 *(.lbss .lbss.* .gnu.linkonce.lb.*)
 *(LARGE_COMMON)
                0x0000000000208520                . = ALIGN (0x8)
                0x0000000000208520                . = SEGMENT_START ("ldata-segment", .)

.lrodata
 *(.lrodata .lrodata.* .gnu.linkonce.lr.*)

.ldata          0x0000000000608520        0x0
 *(.ldata .ldata.* .gnu.linkonce.l.*)
                0x0000000000608520                . = ALIGN ((. != 0x0)?0x8:0x1)
                0x0000000000608520                . = ALIGN (0x8)
                0x0000000000608520                _end = .
                [!provide]                        PROVIDE (end = .)
                0x0000000000608520                . = DATA_SEGMENT_END (.)

.stab
 *(.stab)

.stabstr
 *(.stabstr)

.stab.excl
 *(.stab.excl)

.stab.exclstr
 *(.stab.exclstr)

.stab.index
 *(.stab.index)

.stab.indexstr
 *(.stab.indexstr)

.comment        0x0000000000000000       0x29
 *(.comment)
 .comment       0x0000000000000000       0x29 /usr/lib/gcc/x86_64-linux-gnu/7/crtbeginS.o
                                         0x2a (松开之前的大小)
 .comment       0x0000000000000029       0x2a /tmp/cc52STmi.o
 .comment       0x0000000000000029       0x2a /tmp/cc7MHQMI.o
 .comment       0x0000000000000029       0x2a /usr/lib/gcc/x86_64-linux-gnu/7/crtendS.o

.debug
 *(.debug)

.line
 *(.line)

.debug_srcinfo
 *(.debug_srcinfo)

.debug_sfnames
 *(.debug_sfnames)

.debug_aranges
 *(.debug_aranges)

.debug_pubnames
 *(.debug_pubnames)

.debug_info
 *(.debug_info .gnu.linkonce.wi.*)

.debug_abbrev
 *(.debug_abbrev)

.debug_line
 *(.debug_line .debug_line.* .debug_line_end)

.debug_frame
 *(.debug_frame)

.debug_str
 *(.debug_str)

.debug_loc
 *(.debug_loc)

.debug_macinfo
 *(.debug_macinfo)

.debug_weaknames
 *(.debug_weaknames)

.debug_funcnames
 *(.debug_funcnames)

.debug_typenames
 *(.debug_typenames)

.debug_varnames
 *(.debug_varnames)

.debug_pubtypes
 *(.debug_pubtypes)

.debug_ranges
 *(.debug_ranges)

.debug_macro
 *(.debug_macro)

.debug_addr
 *(.debug_addr)

.gnu.attributes
 *(.gnu.attributes)

/DISCARD/
 *(.note.GNU-stack)
 *(.gnu_debuglink)
 *(.gnu.lto_*)
OUTPUT(test elf64-x86-64)
